
> product-site@0.1.0 build
> next build

node.exe : ΓÜá Warning: Next.js inferred 
your workspace root, but it may not be 
correct.
At C:\Users\Arjun\AppData\Roaming\npm\npm.ps
1:24 char:5
+     & "node$exe"  
"$basedir/node_modules/npm/bin/npm-cli.js" 
$args
+     ~~~~~~~~~~~~~~~~~~~~~~~~~~~~~~~~~~~~~~
~~~~~~~~~~~~~~~~~~~~~~~~
    + CategoryInfo          : NotSpecifie   
 d: (ΓÜá Warning: Ne...not be correct.    
:String) [], RemoteException
    + FullyQualifiedErrorId : NativeComma   
 ndError
 
 We detected multiple lockfiles and 
selected the directory of 
C:\Users\Arjun\package-lock.json as the 
root directory.
 To silence this warning, set 
`turbopack.root` in your Next.js config, or 
consider removing one of the lockfiles if 
it's not needed.
   See https://nextjs.org/docs/app/api-refer
ence/config/next-config-js/turbopack#root-di
rectory for more information.
 Detected additional lockfiles: 
   * C:\Users\Arjun\Desktop\Client - 
Copy\product-site\package-lock.json

Γû▓ Next.js 16.1.6 (Turbopack)

  Creating an optimized production build ...

> Build error occurred
Error: Turbopack build failed with 12 
errors:
./Desktop/Client - Copy/product-site/app/cat
egory/[slug]/page.js:2:1
Module not found: Can't resolve 
'../../../components/Footer'
[0m [90m 1 |[39m [36mimport[39m 
[33mNavbar[39m [36mfrom[39m 
[32m"../../../components/Navbar"[39m
[31m[1m>[22m[39m[90m 2 |[39m 
[36mimport[39m [33mFooter[39m 
[36mfrom[39m 
[32m"../../../components/Footer"[39m
 [90m   |[39m [31m[1m^[22m[39m[31m[1
m^[22m[39m[31m[1m^[22m[39m[31m[1m^[
22m[39m[31m[1m^[22m[39m[31m[1m^[22m
[39m[31m[1m^[22m[39m[31m[1m^[22m[39m
[31m[1m^[22m[39m[31m[1m^[22m[39m[31
m[1m^[22m[39m[31m[1m^[22m[39m[31m[1
m^[22m[39m[31m[1m^[22m[39m[31m[1m^[
22m[39m[31m[1m^[22m[39m[31m[1m^[22m
[39m[31m[1m^[22m[39m[31m[1m^[22m[39m
[31m[1m^[22m[39m[31m[1m^[22m[39m[31
m[1m^[22m[39m[31m[1m^[22m[39m[31m[1
m^[22m[39m[31m[1m^[22m[39m[31m[1m^[
22m[39m[31m[1m^[22m[39m[31m[1m^[22m
[39m[31m[1m^[22m[39m[31m[1m^[22m[39m
[31m[1m^[22m[39m[31m[1m^[22m[39m[31
m[1m^[22m[39m[31m[1m^[22m[39m[31m[1
m^[22m[39m[31m[1m^[22m[39m[31m[1m^[
22m[39m[31m[1m^[22m[39m[31m[1m^[22m
[39m[31m[1m^[22m[39m[31m[1m^[22m[39m
[31m[1m^[22m[39m[31m[1m^[22m[39m[31
m[1m^[22m[39m[31m[1m^[22m[39m[31m[1
m^[22m[39m[31m[1m^[22m[39m
 [90m 3 |[39m [36mimport[39m 
[33mProductCard[39m [36mfrom[39m 
[32m"../../../components/ProductCard"[39m
 [90m 4 |[39m [36mimport[39m { products 
} [36mfrom[39m 
[32m"../../../data/products.json"[39m
 [90m 5 |[39m[0m



https://nextjs.org/docs/messages/module-not-
found


./Desktop/Client - Copy/product-site/app/pro
duct/[serial]/page.js:2:1
Module not found: Can't resolve 
'../../../components/Footer'
[0m [90m 1 |[39m [36mimport[39m 
[33mNavbar[39m [36mfrom[39m 
[32m"../../../components/Navbar"[39m
[31m[1m>[22m[39m[90m 2 |[39m 
[36mimport[39m [33mFooter[39m 
[36mfrom[39m 
[32m"../../../components/Footer"[39m
 [90m   |[39m [31m[1m^[22m[39m[31m[1
m^[22m[39m[31m[1m^[22m[39m[31m[1m^[
22m[39m[31m[1m^[22m[39m[31m[1m^[22m
[39m[31m[1m^[22m[39m[31m[1m^[22m[39m
[31m[1m^[22m[39m[31m[1m^[22m[39m[31
m[1m^[22m[39m[31m[1m^[22m[39m[31m[1
m^[22m[39m[31m[1m^[22m[39m[31m[1m^[
22m[39m[31m[1m^[22m[39m[31m[1m^[22m
[39m[31m[1m^[22m[39m[31m[1m^[22m[39m
[31m[1m^[22m[39m[31m[1m^[22m[39m[31
m[1m^[22m[39m[31m[1m^[22m[39m[31m[1
m^[22m[39m[31m[1m^[22m[39m[31m[1m^[
22m[39m[31m[1m^[22m[39m[31m[1m^[22m
[39m[31m[1m^[22m[39m[31m[1m^[22m[39m
[31m[1m^[22m[39m[31m[1m^[22m[39m[31
m[1m^[22m[39m[31m[1m^[22m[39m[31m[1
m^[22m[39m[31m[1m^[22m[39m[31m[1m^[
22m[39m[31m[1m^[22m[39m[31m[1m^[22m
[39m[31m[1m^[22m[39m[31m[1m^[22m[39m
[31m[1m^[22m[39m[31m[1m^[22m[39m[31
m[1m^[22m[39m[31m[1m^[22m[39m[31m[1
m^[22m[39m[31m[1m^[22m[39m
 [90m 3 |[39m [36mimport[39m 
[33mProductCard[39m [36mfrom[39m 
[32m"../../../components/ProductCard"[39m
 [90m 4 |[39m [36mimport[39m { products 
} [36mfrom[39m 
[32m"../../../data/products.json"[39m
 [90m 5 |[39m[0m



https://nextjs.org/docs/messages/module-not-
found


./Desktop/Client - Copy/product-site/app/cat
egory/[slug]/page.js:1:1
Module not found: Can't resolve 
'../../../components/Navbar'
[0m[31m[1m>[22m[39m[90m 1 |[39m 
[36mimport[39m [33mNavbar[39m 
[36mfrom[39m 
[32m"../../../components/Navbar"[39m
 [90m   |[39m [31m[1m^[22m[39m[31m[1
m^[22m[39m[31m[1m^[22m[39m[31m[1m^[
22m[39m[31m[1m^[22m[39m[31m[1m^[22m
[39m[31m[1m^[22m[39m[31m[1m^[22m[39m
[31m[1m^[22m[39m[31m[1m^[22m[39m[31
m[1m^[22m[39m[31m[1m^[22m[39m[31m[1
m^[22m[39m[31m[1m^[22m[39m[31m[1m^[
22m[39m[31m[1m^[22m[39m[31m[1m^[22m
[39m[31m[1m^[22m[39m[31m[1m^[22m[39m
[31m[1m^[22m[39m[31m[1m^[22m[39m[31
m[1m^[22m[39m[31m[1m^[22m[39m[31m[1
m^[22m[39m[31m[1m^[22m[39m[31m[1m^[
22m[39m[31m[1m^[22m[39m[31m[1m^[22m
[39m[31m[1m^[22m[39m[31m[1m^[22m[39m
[31m[1m^[22m[39m[31m[1m^[22m[39m[31
m[1m^[22m[39m[31m[1m^[22m[39m[31m[1
m^[22m[39m[31m[1m^[22m[39m[31m[1m^[
22m[39m[31m[1m^[22m[39m[31m[1m^[22m
[39m[31m[1m^[22m[39m[31m[1m^[22m[39m
[31m[1m^[22m[39m[31m[1m^[22m[39m[31
m[1m^[22m[39m[31m[1m^[22m[39m[31m[1
m^[22m[39m[31m[1m^[22m[39m
 [90m 2 |[39m [36mimport[39m 
[33mFooter[39m [36mfrom[39m 
[32m"../../../components/Footer"[39m
 [90m 3 |[39m [36mimport[39m 
[33mProductCard[39m [36mfrom[39m 
[32m"../../../components/ProductCard"[39m
 [90m 4 |[39m [36mimport[39m { products 
} [36mfrom[39m 
[32m"../../../data/products.json"[39m[0m



https://nextjs.org/docs/messages/module-not-
found


./Desktop/Client - Copy/product-site/app/pro
duct/[serial]/page.js:1:1
Module not found: Can't resolve 
'../../../components/Navbar'
[0m[31m[1m>[22m[39m[90m 1 |[39m 
[36mimport[39m [33mNavbar[39m 
[36mfrom[39m 
[32m"../../../components/Navbar"[39m
 [90m   |[39m [31m[1m^[22m[39m[31m[1
m^[22m[39m[31m[1m^[22m[39m[31m[1m^[
22m[39m[31m[1m^[22m[39m[31m[1m^[22m
[39m[31m[1m^[22m[39m[31m[1m^[22m[39m
[31m[1m^[22m[39m[31m[1m^[22m[39m[31
m[1m^[22m[39m[31m[1m^[22m[39m[31m[1
m^[22m[39m[31m[1m^[22m[39m[31m[1m^[
22m[39m[31m[1m^[22m[39m[31m[1m^[22m
[39m[31m[1m^[22m[39m[31m[1m^[22m[39m
[31m[1m^[22m[39m[31m[1m^[22m[39m[31
m[1m^[22m[39m[31m[1m^[22m[39m[31m[1
m^[22m[39m[31m[1m^[22m[39m[31m[1m^[
22m[39m[31m[1m^[22m[39m[31m[1m^[22m
[39m[31m[1m^[22m[39m[31m[1m^[22m[39m
[31m[1m^[22m[39m[31m[1m^[22m[39m[31
m[1m^[22m[39m[31m[1m^[22m[39m[31m[1
m^[22m[39m[31m[1m^[22m[39m[31m[1m^[
22m[39m[31m[1m^[22m[39m[31m[1m^[22m
[39m[31m[1m^[22m[39m[31m[1m^[22m[39m
[31m[1m^[22m[39m[31m[1m^[22m[39m[31
m[1m^[22m[39m[31m[1m^[22m[39m[31m[1
m^[22m[39m[31m[1m^[22m[39m
 [90m 2 |[39m [36mimport[39m 
[33mFooter[39m [36mfrom[39m 
[32m"../../../components/Footer"[39m
 [90m 3 |[39m [36mimport[39m 
[33mProductCard[39m [36mfrom[39m 
[32m"../../../components/ProductCard"[39m
 [90m 4 |[39m [36mimport[39m { products 
} [36mfrom[39m 
[32m"../../../data/products.json"[39m[0m



https://nextjs.org/docs/messages/module-not-
found


./Desktop/Client - Copy/product-site/app/cat
egory/[slug]/page.js:3:1
Module not found: Can't resolve 
'../../../components/ProductCard'
[0m [90m 1 |[39m [36mimport[39m 
[33mNavbar[39m [36mfrom[39m 
[32m"../../../components/Navbar"[39m
 [90m 2 |[39m [36mimport[39m 
[33mFooter[39m [36mfrom[39m 
[32m"../../../components/Footer"[39m
[31m[1m>[22m[39m[90m 3 |[39m 
[36mimport[39m [33mProductCard[39m 
[36mfrom[39m 
[32m"../../../components/ProductCard"[39m
 [90m   |[39m [31m[1m^[22m[39m[31m[1
m^[22m[39m[31m[1m^[22m[39m[31m[1m^[
22m[39m[31m[1m^[22m[39m[31m[1m^[22m
[39m[31m[1m^[22m[39m[31m[1m^[22m[39m
[31m[1m^[22m[39m[31m[1m^[22m[39m[31
m[1m^[22m[39m[31m[1m^[22m[39m[31m[1
m^[22m[39m[31m[1m^[22m[39m[31m[1m^[
22m[39m[31m[1m^[22m[39m[31m[1m^[22m
[39m[31m[1m^[22m[39m[31m[1m^[22m[39m
[31m[1m^[22m[39m[31m[1m^[22m[39m[31
m[1m^[22m[39m[31m[1m^[22m[39m[31m[1
m^[22m[39m[31m[1m^[22m[39m[31m[1m^[
22m[39m[31m[1m^[22m[39m[31m[1m^[22m
[39m[31m[1m^[22m[39m[31m[1m^[22m[39m
[31m[1m^[22m[39m[31m[1m^[22m[39m[31
m[1m^[22m[39m[31m[1m^[22m[39m[31m[1
m^[22m[39m[31m[1m^[22m[39m[31m[1m^[
22m[39m[31m[1m^[22m[39m[31m[1m^[22m
[39m[31m[1m^[22m[39m[31m[1m^[22m[39m
[31m[1m^[22m[39m[31m[1m^[22m[39m[31
m[1m^[22m[39m[31m[1m^[22m[39m[31m[1
m^[22m[39m[31m[1m^[22m[39m[31m[1m^[
22m[39m[31m[1m^[22m[39m[31m[1m^[22m
[39m[31m[1m^[22m[39m[31m[1m^[22m[39m
[31m[1m^[22m[39m[31m[1m^[22m[39m[31
m[1m^[22m[39m[31m[1m^[22m[39m[31m[1
m^[22m[39m
 [90m 4 |[39m [36mimport[39m { products 
} [36mfrom[39m 
[32m"../../../data/products.json"[39m
 [90m 5 |[39m
 [90m 6 |[39m [36mexport[39m 
[36mdefault[39m [36mfunction[39m 
[33mCategoryPage[39m({ params }) {[0m



https://nextjs.org/docs/messages/module-not-
found


./Desktop/Client - Copy/product-site/app/pro
duct/[serial]/page.js:3:1
Module not found: Can't resolve 
'../../../components/ProductCard'
[0m [90m 1 |[39m [36mimport[39m 
[33mNavbar[39m [36mfrom[39m 
[32m"../../../components/Navbar"[39m
 [90m 2 |[39m [36mimport[39m 
[33mFooter[39m [36mfrom[39m 
[32m"../../../components/Footer"[39m
[31m[1m>[22m[39m[90m 3 |[39m 
[36mimport[39m [33mProductCard[39m 
[36mfrom[39m 
[32m"../../../components/ProductCard"[39m
 [90m   |[39m [31m[1m^[22m[39m[31m[1
m^[22m[39m[31m[1m^[22m[39m[31m[1m^[
22m[39m[31m[1m^[22m[39m[31m[1m^[22m
[39m[31m[1m^[22m[39m[31m[1m^[22m[39m
[31m[1m^[22m[39m[31m[1m^[22m[39m[31
m[1m^[22m[39m[31m[1m^[22m[39m[31m[1
m^[22m[39m[31m[1m^[22m[39m[31m[1m^[
22m[39m[31m[1m^[22m[39m[31m[1m^[22m
[39m[31m[1m^[22m[39m[31m[1m^[22m[39m
[31m[1m^[22m[39m[31m[1m^[22m[39m[31
m[1m^[22m[39m[31m[1m^[22m[39m[31m[1
m^[22m[39m[31m[1m^[22m[39m[31m[1m^[
22m[39m[31m[1m^[22m[39m[31m[1m^[22m
[39m[31m[1m^[22m[39m[31m[1m^[22m[39m
[31m[1m^[22m[39m[31m[1m^[22m[39m[31
m[1m^[22m[39m[31m[1m^[22m[39m[31m[1
m^[22m[39m[31m[1m^[22m[39m[31m[1m^[
22m[39m[31m[1m^[22m[39m[31m[1m^[22m
[39m[31m[1m^[22m[39m[31m[1m^[22m[39m
[31m[1m^[22m[39m[31m[1m^[22m[39m[31
m[1m^[22m[39m[31m[1m^[22m[39m[31m[1
m^[22m[39m[31m[1m^[22m[39m[31m[1m^[
22m[39m[31m[1m^[22m[39m[31m[1m^[22m
[39m[31m[1m^[22m[39m[31m[1m^[22m[39m
[31m[1m^[22m[39m[31m[1m^[22m[39m[31
m[1m^[22m[39m[31m[1m^[22m[39m[31m[1
m^[22m[39m
 [90m 4 |[39m [36mimport[39m { products 
} [36mfrom[39m 
[32m"../../../data/products.json"[39m
 [90m 5 |[39m
 [90m 6 |[39m [36mexport[39m 
[36mdefault[39m [36mfunction[39m 
[33mProductDetailsPage[39m({ params }) 
{[0m



https://nextjs.org/docs/messages/module-not-
found


./Desktop/Client - Copy/product-site/app/cat
egory/[slug]/page.js:4:1
Module not found: Can't resolve 
'../../../data/products.json'
[0m [90m 2 |[39m [36mimport[39m 
[33mFooter[39m [36mfrom[39m 
[32m"../../../components/Footer"[39m
 [90m 3 |[39m [36mimport[39m 
[33mProductCard[39m [36mfrom[39m 
[32m"../../../components/ProductCard"[39m
[31m[1m>[22m[39m[90m 4 |[39m 
[36mimport[39m { products } 
[36mfrom[39m 
[32m"../../../data/products.json"[39m
 [90m   |[39m [31m[1m^[22m[39m[31m[1
m^[22m[39m[31m[1m^[22m[39m[31m[1m^[
22m[39m[31m[1m^[22m[39m[31m[1m^[22m
[39m[31m[1m^[22m[39m[31m[1m^[22m[39m
[31m[1m^[22m[39m[31m[1m^[22m[39m[31
m[1m^[22m[39m[31m[1m^[22m[39m[31m[1
m^[22m[39m[31m[1m^[22m[39m[31m[1m^[
22m[39m[31m[1m^[22m[39m[31m[1m^[22m
[39m[31m[1m^[22m[39m[31m[1m^[22m[39m
[31m[1m^[22m[39m[31m[1m^[22m[39m[31
m[1m^[22m[39m[31m[1m^[22m[39m[31m[1
m^[22m[39m[31m[1m^[22m[39m[31m[1m^[
22m[39m[31m[1m^[22m[39m[31m[1m^[22m
[39m[31m[1m^[22m[39m[31m[1m^[22m[39m
[31m[1m^[22m[39m[31m[1m^[22m[39m[31
m[1m^[22m[39m[31m[1m^[22m[39m[31m[1
m^[22m[39m[31m[1m^[22m[39m[31m[1m^[
22m[39m[31m[1m^[22m[39m[31m[1m^[22m
[39m[31m[1m^[22m[39m[31m[1m^[22m[39m
[31m[1m^[22m[39m[31m[1m^[22m[39m[31
m[1m^[22m[39m[31m[1m^[22m[39m[31m[1
m^[22m[39m[31m[1m^[22m[39m[31m[1m^[
22m[39m[31m[1m^[22m[39m[31m[1m^[22m
[39m[31m[1m^[22m[39m[31m[1m^[22m[39m
[31m[1m^[22m[39m[31m[1m^[22m[39m
 [90m 5 |[39m
 [90m 6 |[39m [36mexport[39m 
[36mdefault[39m [36mfunction[39m 
[33mCategoryPage[39m({ params }) {
 [90m 7 |[39m   [36mconst[39m { slug } 
[33m=[39m params[0m



https://nextjs.org/docs/messages/module-not-
found


./Desktop/Client - Copy/product-site/app/pro
duct/[serial]/page.js:4:1
Module not found: Can't resolve 
'../../../data/products.json'
[0m [90m 2 |[39m [36mimport[39m 
[33mFooter[39m [36mfrom[39m 
[32m"../../../components/Footer"[39m
 [90m 3 |[39m [36mimport[39m 
[33mProductCard[39m [36mfrom[39m 
[32m"../../../components/ProductCard"[39m
[31m[1m>[22m[39m[90m 4 |[39m 
[36mimport[39m { products } 
[36mfrom[39m 
[32m"../../../data/products.json"[39m
 [90m   |[39m [31m[1m^[22m[39m[31m[1
m^[22m[39m[31m[1m^[22m[39m[31m[1m^[
22m[39m[31m[1m^[22m[39m[31m[1m^[22m
[39m[31m[1m^[22m[39m[31m[1m^[22m[39m
[31m[1m^[22m[39m[31m[1m^[22m[39m[31
m[1m^[22m[39m[31m[1m^[22m[39m[31m[1
m^[22m[39m[31m[1m^[22m[39m[31m[1m^[
22m[39m[31m[1m^[22m[39m[31m[1m^[22m
[39m[31m[1m^[22m[39m[31m[1m^[22m[39m
[31m[1m^[22m[39m[31m[1m^[22m[39m[31
m[1m^[22m[39m[31m[1m^[22m[39m[31m[1
m^[22m[39m[31m[1m^[22m[39m[31m[1m^[
22m[39m[31m[1m^[22m[39m[31m[1m^[22m
[39m[31m[1m^[22m[39m[31m[1m^[22m[39m
[31m[1m^[22m[39m[31m[1m^[22m[39m[31
m[1m^[22m[39m[31m[1m^[22m[39m[31m[1
m^[22m[39m[31m[1m^[22m[39m[31m[1m^[
22m[39m[31m[1m^[22m[39m[31m[1m^[22m
[39m[31m[1m^[22m[39m[31m[1m^[22m[39m
[31m[1m^[22m[39m[31m[1m^[22m[39m[31
m[1m^[22m[39m[31m[1m^[22m[39m[31m[1
m^[22m[39m[31m[1m^[22m[39m[31m[1m^[
22m[39m[31m[1m^[22m[39m[31m[1m^[22m
[39m[31m[1m^[22m[39m[31m[1m^[22m[39m
[31m[1m^[22m[39m[31m[1m^[22m[39m
 [90m 5 |[39m
 [90m 6 |[39m [36mexport[39m 
[36mdefault[39m [36mfunction[39m 
[33mProductDetailsPage[39m({ params }) {
 [90m 7 |[39m   [36mconst[39m { serial 
} [33m=[39m params[0m



https://nextjs.org/docs/messages/module-not-
found


./Desktop/Client - Copy/product-site/app/col
lections/page.js:2:1
Module not found: Can't resolve 
'../../components/Footer'
[0m [90m 1 |[39m [36mimport[39m 
[33mNavbar[39m [36mfrom[39m 
[32m"../../components/Navbar"[39m
[31m[1m>[22m[39m[90m 2 |[39m 
[36mimport[39m [33mFooter[39m 
[36mfrom[39m 
[32m"../../components/Footer"[39m
 [90m   |[39m [31m[1m^[22m[39m[31m[1
m^[22m[39m[31m[1m^[22m[39m[31m[1m^[
22m[39m[31m[1m^[22m[39m[31m[1m^[22m
[39m[31m[1m^[22m[39m[31m[1m^[22m[39m
[31m[1m^[22m[39m[31m[1m^[22m[39m[31
m[1m^[22m[39m[31m[1m^[22m[39m[31m[1
m^[22m[39m[31m[1m^[22m[39m[31m[1m^[
22m[39m[31m[1m^[22m[39m[31m[1m^[22m
[39m[31m[1m^[22m[39m[31m[1m^[22m[39m
[31m[1m^[22m[39m[31m[1m^[22m[39m[31
m[1m^[22m[39m[31m[1m^[22m[39m[31m[1
m^[22m[39m[31m[1m^[22m[39m[31m[1m^[
22m[39m[31m[1m^[22m[39m[31m[1m^[22m
[39m[31m[1m^[22m[39m[31m[1m^[22m[39m
[31m[1m^[22m[39m[31m[1m^[22m[39m[31
m[1m^[22m[39m[31m[1m^[22m[39m[31m[1
m^[22m[39m[31m[1m^[22m[39m[31m[1m^[
22m[39m[31m[1m^[22m[39m[31m[1m^[22m
[39m[31m[1m^[22m[39m[31m[1m^[22m[39m
[31m[1m^[22m[39m[31m[1m^[22m[39m[31
m[1m^[22m[39m
 [90m 3 |[39m [36mimport[39m 
[33mProductCard[39m [36mfrom[39m 
[32m"../../components/ProductCard"[39m
 [90m 4 |[39m
 [90m 5 |[39m [90m// Using direct import 
for now since this is a server component 
inside data dir[39m[0m



https://nextjs.org/docs/messages/module-not-
found


./Desktop/Client - Copy/product-site/app/col
lections/page.js:1:1
Module not found: Can't resolve 
'../../components/Navbar'
[0m[31m[1m>[22m[39m[90m 1 |[39m 
[36mimport[39m [33mNavbar[39m 
[36mfrom[39m 
[32m"../../components/Navbar"[39m
 [90m   |[39m [31m[1m^[22m[39m[31m[1
m^[22m[39m[31m[1m^[22m[39m[31m[1m^[
22m[39m[31m[1m^[22m[39m[31m[1m^[22m
[39m[31m[1m^[22m[39m[31m[1m^[22m[39m
[31m[1m^[22m[39m[31m[1m^[22m[39m[31
m[1m^[22m[39m[31m[1m^[22m[39m[31m[1
m^[22m[39m[31m[1m^[22m[39m[31m[1m^[
22m[39m[31m[1m^[22m[39m[31m[1m^[22m
[39m[31m[1m^[22m[39m[31m[1m^[22m[39m
[31m[1m^[22m[39m[31m[1m^[22m[39m[31
m[1m^[22m[39m[31m[1m^[22m[39m[31m[1
m^[22m[39m[31m[1m^[22m[39m[31m[1m^[
22m[39m[31m[1m^[22m[39m[31m[1m^[22m
[39m[31m[1m^[22m[39m[31m[1m^[22m[39m
[31m[1m^[22m[39m[31m[1m^[22m[39m[31
m[1m^[22m[39m[31m[1m^[22m[39m[31m[1
m^[22m[39m[31m[1m^[22m[39m[31m[1m^[
22m[39m[31m[1m^[22m[39m[31m[1m^[22m
[39m[31m[1m^[22m[39m[31m[1m^[22m[39m
[31m[1m^[22m[39m[31m[1m^[22m[39m[31
m[1m^[22m[39m
 [90m 2 |[39m [36mimport[39m 
[33mFooter[39m [36mfrom[39m 
[32m"../../components/Footer"[39m
 [90m 3 |[39m [36mimport[39m 
[33mProductCard[39m [36mfrom[39m 
[32m"../../components/ProductCard"[39m
 [90m 4 |[39m[0m



https://nextjs.org/docs/messages/module-not-
found


./Desktop/Client - Copy/product-site/app/col
lections/page.js:3:1
Module not found: Can't resolve 
'../../components/ProductCard'
[0m [90m 1 |[39m [36mimport[39m 
[33mNavbar[39m [36mfrom[39m 
[32m"../../components/Navbar"[39m
 [90m 2 |[39m [36mimport[39m 
[33mFooter[39m [36mfrom[39m 
[32m"../../components/Footer"[39m
[31m[1m>[22m[39m[90m 3 |[39m 
[36mimport[39m [33mProductCard[39m 
[36mfrom[39m 
[32m"../../components/ProductCard"[39m
 [90m   |[39m [31m[1m^[22m[39m[31m[1
m^[22m[39m[31m[1m^[22m[39m[31m[1m^[
22m[39m[31m[1m^[22m[39m[31m[1m^[22m
[39m[31m[1m^[22m[39m[31m[1m^[22m[39m
[31m[1m^[22m[39m[31m[1m^[22m[39m[31
m[1m^[22m[39m[31m[1m^[22m[39m[31m[1
m^[22m[39m[31m[1m^[22m[39m[31m[1m^[
22m[39m[31m[1m^[22m[39m[31m[1m^[22m
[39m[31m[1m^[22m[39m[31m[1m^[22m[39m
[31m[1m^[22m[39m[31m[1m^[22m[39m[31
m[1m^[22m[39m[31m[1m^[22m[39m[31m[1
m^[22m[39m[31m[1m^[22m[39m[31m[1m^[
22m[39m[31m[1m^[22m[39m[31m[1m^[22m
[39m[31m[1m^[22m[39m[31m[1m^[22m[39m
[31m[1m^[22m[39m[31m[1m^[22m[39m[31
m[1m^[22m[39m[31m[1m^[22m[39m[31m[1
m^[22m[39m[31m[1m^[22m[39m[31m[1m^[
22m[39m[31m[1m^[22m[39m[31m[1m^[22m
[39m[31m[1m^[22m[39m[31m[1m^[22m[39m
[31m[1m^[22m[39m[31m[1m^[22m[39m[31
m[1m^[22m[39m[31m[1m^[22m[39m[31m[1
m^[22m[39m[31m[1m^[22m[39m[31m[1m^[
22m[39m[31m[1m^[22m[39m[31m[1m^[22m
[39m[31m[1m^[22m[39m[31m[1m^[22m[39m
[31m[1m^[22m[39m[31m[1m^[22m[39m
 [90m 4 |[39m
 [90m 5 |[39m [90m// Using direct import 
for now since this is a server component 
inside data dir[39m
 [90m 6 |[39m [36mimport[39m { products 
} [36mfrom[39m 
[32m"../../data/products.json"[39m[0m



https://nextjs.org/docs/messages/module-not-
found


./Desktop/Client - Copy/product-site/app/col
lections/page.js:6:1
Module not found: Can't resolve 
'../../data/products.json'
[0m [90m 4 |[39m
 [90m 5 |[39m [90m// Using direct import 
for now since this is a server component 
inside data dir[39m
[31m[1m>[22m[39m[90m 6 |[39m 
[36mimport[39m { products } 
[36mfrom[39m 
[32m"../../data/products.json"[39m
 [90m   |[39m [31m[1m^[22m[39m[31m[1
m^[22m[39m[31m[1m^[22m[39m[31m[1m^[
22m[39m[31m[1m^[22m[39m[31m[1m^[22m
[39m[31m[1m^[22m[39m[31m[1m^[22m[39m
[31m[1m^[22m[39m[31m[1m^[22m[39m[31
m[1m^[22m[39m[31m[1m^[22m[39m[31m[1
m^[22m[39m[31m[1m^[22m[39m[31m[1m^[
22m[39m[31m[1m^[22m[39m[31m[1m^[22m
[39m[31m[1m^[22m[39m[31m[1m^[22m[39m
[31m[1m^[22m[39m[31m[1m^[22m[39m[31
m[1m^[22m[39m[31m[1m^[22m[39m[31m[1
m^[22m[39m[31m[1m^[22m[39m[31m[1m^[
22m[39m[31m[1m^[22m[39m[31m[1m^[22m
[39m[31m[1m^[22m[39m[31m[1m^[22m[39m
[31m[1m^[22m[39m[31m[1m^[22m[39m[31
m[1m^[22m[39m[31m[1m^[22m[39m[31m[1
m^[22m[39m[31m[1m^[22m[39m[31m[1m^[
22m[39m[31m[1m^[22m[39m[31m[1m^[22m
[39m[31m[1m^[22m[39m[31m[1m^[22m[39m
[31m[1m^[22m[39m[31m[1m^[22m[39m[31
m[1m^[22m[39m[31m[1m^[22m[39m[31m[1
m^[22m[39m[31m[1m^[22m[39m[31m[1m^[
22m[39m[31m[1m^[22m[39m[31m[1m^[22m
[39m[31m[1m^[22m[39m
 [90m 7 |[39m
 [90m 8 |[39m [36mexport[39m 
[36mdefault[39m [36mfunction[39m 
[33mCollectionsPage[39m() {
 [90m 9 |[39m[0m



https://nextjs.org/docs/messages/module-not-
found


    at <unknown> (./Desktop/Client - Copy/pr
oduct-site/app/category/[slug]/page.js:2:1)
    at <unknown> (https://nextjs.org/docs/me
ssages/module-not-found)
    at <unknown> (./Desktop/Client - Copy/pr
oduct-site/app/product/[serial]/page.js:2:1)
    at <unknown> (https://nextjs.org/docs/me
ssages/module-not-found)
    at <unknown> (./Desktop/Client - Copy/pr
oduct-site/app/category/[slug]/page.js:1:1)
    at <unknown> (https://nextjs.org/docs/me
ssages/module-not-found)
    at <unknown> (./Desktop/Client - Copy/pr
oduct-site/app/product/[serial]/page.js:1:1)
    at <unknown> (https://nextjs.org/docs/me
ssages/module-not-found)
    at <unknown> (./Desktop/Client - Copy/pr
oduct-site/app/category/[slug]/page.js:3:1)
    at <unknown> (https://nextjs.org/docs/me
ssages/module-not-found)
    at <unknown> (./Desktop/Client - Copy/pr
oduct-site/app/product/[serial]/page.js:3:1)
    at <unknown> (https://nextjs.org/docs/me
ssages/module-not-found)
    at <unknown> (./Desktop/Client - Copy/pr
oduct-site/app/category/[slug]/page.js:4:1)
    at <unknown> (https://nextjs.org/docs/me
ssages/module-not-found)
    at <unknown> (./Desktop/Client - Copy/pr
oduct-site/app/product/[serial]/page.js:4:1)
    at <unknown> (https://nextjs.org/docs/me
ssages/module-not-found)
    at <unknown> (./Desktop/Client - Copy/pr
oduct-site/app/collections/page.js:2:1)
    at <unknown> (https://nextjs.org/docs/me
ssages/module-not-found)
    at <unknown> (./Desktop/Client - Copy/pr
oduct-site/app/collections/page.js:1:1)
    at <unknown> (https://nextjs.org/docs/me
ssages/module-not-found)
    at <unknown> (./Desktop/Client - Copy/pr
oduct-site/app/collections/page.js:3:1)
    at <unknown> (https://nextjs.org/docs/me
ssages/module-not-found)
    at <unknown> (./Desktop/Client - Copy/pr
oduct-site/app/collections/page.js:6:1)
    at <unknown> (https://nextjs.org/docs/me
ssages/module-not-found)
